---
source: crates/sverb-tui/src/widgets/dialog_tests.rs
expression: screen
---
                                                                                
                                                                                
                                                                                
                                                                                
                                                                                
                                                                                
                                                                                
                                                                                
                                                                                
                         ┌ Connecting ───────────────┐                          
                         │ Connecting to prod-web-1… │                          
                         │                           │                          
                         │ | working…   esc cancel   │                          
                         └───────────────────────────┘
