---
source: crates/sverb-tui/src/widgets/dialog_tests.rs
expression: screen
---
                                                                                
                                                                                
                                                                                
                                                                                
                                                                                
                                                                                
                                                                                
                                                                                
        ┌ Copied ──────────────────────────────────────────────────────┐        
        │ ssh -p 2222 deploy@10.0.0.5 was copied to the clipboard. A   │        
        │ long sentence that has to wrap inside the dialog because it  │        
        │ is wider than eighty percent of the screen.                  │        
        │                                                              │        
        │                             [O]K                             │        
        └──────────────────────────────────────────────────────────────┘
