---
source: crates/sverb-tui/src/widgets/dialog_tests.rs
expression: screen
---
                                                                                
                                                                                
                                                                                
                                                                                
                                                                                
                                                                                
                                                                                
                                                                                
                   ┌ Password ──────────────────────────────┐                   
                   │ Password for deploy@10.0.0.5           │                   
                   │                                        │                   
                   │ Password: ••••••                       │                   
                   │                                        │                   
                   │ enter ok · esc cancel · ctrl-r reveal  │                   
                   └────────────────────────────────────────┘
