---
source: crates/sverb-tui/src/app/share_tests.rs
expression: screen
---
 sverb ─ Personal ▾ ────────────────────────────────────────────────────────────
 1 web-1 ┬ +                                                                    
┌ web-1 ───────────────────────────────────────────────────── ⚠ shared · view ─┐
│$ make test                                                                   │
│                                                                              │
│                                                                              │
│                                                                              │
│                                                                              │
│                                                                              │
│                                                                              │
│                                                                              │
│                                                                              │
│                                                                              │
│                                                                              │
│                                                                              │
│                                                                              │
│                                                                              │
│                                                                              │
│                                                                              │
│                                                                              │
│                                                                              │
│                                                                              │
└──────────────────────────────────────────────────────────────────────────────┘
 TERMINAL                                                             ^\ ? help
