---
source: crates/sverb-tui/src/app/broadcast_tests.rs
expression: screen
---
 sverb ─ Personal ▾ ────────────────────────────────────────────────────────────────────────────────────────────────────────────────────────────────────────────
┌──────────────┐ 1 local ≋ ┬ +                                                                                                                                  
│▸ Hosts       │┌ ≋ local ─────────────────────────────────────┐┌ ≋ local ─────────────────────────────────────┐┌ ≋ local ─────────────────────────────────────┐
│  Keychain    ││$ echo 1                                      ││$ echo 2                                      ││$ echo 3                                      │
│  Forwards    ││                                              ││                                              ││                                              │
│  Snippets    ││                                              ││                                              ││                                              │
│  Known       ││                                              ││                                              ││                                              │
│  Logs        ││                                              ││                                              ││                                              │
│  Settings    ││                                              ││                                              ││                                              │
│              ││                                              ││                                              ││                                              │
│              ││                                              ││                                              ││                                              │
│              ││                                              ││                                              ││                                              │
│              ││                                              ││                                              ││                                              │
│              ││                                              ││                                              ││                                              │
│              ││                                              ││                                              ││                                              │
│              ││                                              ││                                              ││                                              │
│              ││                                              ││                                              ││                                              │
│              ││                                              ││                                              ││                                              │
│              ││                                              ││                                              ││                                              │
│              ││                                              ││                                              ││                                              │
│              ││                                              ││                                              ││                                              │
│              ││                                              ││                                              ││                                              │
│              ││                                              ││                                              ││                                              │
│              ││                                              ││                                              ││                                              │
│              ││                                              ││                                              ││                                              │
│              ││                                              ││                                              ││                                              │
│              ││                                              ││                                              ││                                              │
│              ││                                              ││                                              ││                                              │
│              ││                                              ││                                              ││                                              │
│              ││                                              ││                                              ││                                              │
│              ││                                              ││                                              ││                                              │
│              ││                                              ││                                              ││                                              │
│              ││                                              ││                                              ││                                              │
│              ││                                              ││                                              ││                                              │
│              ││                                              ││                                              ││                                              │
│              ││                                              ││                                              ││                                              │
│              ││                                              ││                                              ││                                              │
│              ││                                              ││                                              ││                                              │
│              ││                                              ││                                              ││                                              │
│              ││                                              ││                                              ││                                              │
│              ││                                              ││                                              ││                                              │
│              ││                                              ││                                              ││                                              │
│              ││                                              ││                                              ││                                              │
│              ││                                              ││                                              ││                                              │
│              ││                                              ││                                              ││                                              │
│              ││                                              ││                                              ││                                              │
└──────────────┘└──────────────────────────────────────────────┘└──────────────────────────────────────────────┘└──────────────────────────────────────────────┘
 TERMINAL  │ BROADCAST ×3                                                                                                                             ^\ ? help
