---
source: crates/sverb-tui/src/app/tabs_tests.rs
expression: "render_panes(&h, w, hgt)"
---
 sverb ─ Personal ▾ ────────────────────────────────────────────────────────────
 1 local ┬ 2 db-primary ✕ ┬ 3 local ● ┬ +                                       
┌ local ───────────────────────────────┐┌ local ───────────────────────────────┐
│$ echo 1                              ││$ echo 2                              │
│                                      ││                                      │
│                                      ││                                      │
│                                      ││                                      │
│                                      ││                                      │
│                                      ││                                      │
│                                      ││                                      │
│                                      ││                                      │
└──────────────────────────────────────┘└──────────────────────────────────────┘
┌ local ───────────────────────────────┐┌ local ───────────────────────────────┐
│$ echo 4                              ││$ echo 3                              │
│                                      ││                                      │
│                                      ││                                      │
│                                      ││                                      │
│                                      ││                                      │
│                                      ││                                      │
│                                      ││                                      │
│                                      ││                                      │
│                                      ││                                      │
└──────────────────────────────────────┘└──────────────────────────────────────┘
 TERMINAL                                                             ^\ ? help
