---
source: crates/sverb-tui/src/app/resize_tests.rs
expression: screen
---
 sverb ─ Personal ▾ ────────────────────────────────────────────────────────────
 1 local Z ┬ +                                                                  
┌ local ───────────────────────────────────────────────────────────────────────┐
│$ echo 2                                                                      │
│                                                                              │
│                                                                              │
│                                                                              │
│                                                                              │
│                                                                              │
│                                                                              │
│                                                                              │
│                                                                              │
│                                                                              │
│                                                                              │
│                                                                              │
│                                                                              │
│                                                                              │
│                                                                              │
│                                                                              │
│                                                                              │
│                                                                              │
│                                                                              │
└──────────────────────────────────────────────────────────────────────────────┘
 RESIZE                           hjkl resize · HJKL ×3 · = equalize · esc done
