---
source: crates/sverb-term/tests/replay.rs
expression: whole.screen_dump(false)
---
|DESCRIPTION                                                                     |
|     sverb-demo  does  nothing.  This page exists so that the M1-09 replay test |
|     has a real man(1) rendering,  with  bold  and  underlined  text,  to  page |
|     through with less(1).                                                      |
|                                                                                |
|     Lorem  ipsum  dolor  sit amet, consectetur adipiscing elit, sed do eiusmod |
|     tempor incididunt ut labore et dolore magna aliqua. Ut enim ad  minim  ve‐ |
|     niam, quis nostrud exercitation ullamco laboris nisi ut aliquip ex ea com‐ |
|     modo consequat.                                                            |
|                                                                                |
|OPTIONS                                                                         |
|     -v     Be verbose.                                                         |
|                                                                                |
|     --color WHEN                                                               |
|            Colorize output: always, never or auto.                             |
|                                                                                |
|EXIT STATUS                                                                     |
|     Always 0.                                                                  |
|                                                                                |
|SEE ALSO                                                                        |
|     ssh(1), less(1)                                                            |
|                                                                                |
|sverb                              2026-10-07                     SVERB-DEMO(1) |
|(END)                                                                           |
cursor: line=23 col=5 shape=Block blinking=false visible=true
modes: TermModes { app_cursor: true, app_keypad: true, mouse_mode: None, mouse_encoding: Default, bracketed_paste: false, focus_reporting: false, alt_screen: true, alternate_scroll: true, line_feed_new_line: false, modify_other_keys: 0, kitty_keyboard: KittyKeyboardFlags(0), cursor_shape: Block, cursor_blinking: false, cursor_visible: true }
