---
source: crates/sverb-core/src/importers/putty_tests.rs
expression: plan.render_table()
---
Import preview (putty): 9 new, 0 duplicate, 0 conflict, 7 skipped
STATUS     KIND          LABEL           DETAILS
new        host          corp-http       address=10.0.0.5 proxy=http://proxy.corp:3128
new        host          db              address=db.internal proxy=socks5://jump@bastion.example.com:1080 user=postgres
new        host          ipv6 box        address=2001:db8::1 forwards=2
new        host          prod web        address=web.example.com agent_forwarding=true forwards=3 identity_files=/nonexistent/putty/prod.ppk port=2222 user=deploy
new        port-forward  ipv6 box L5432  bind=127.0.0.1:5432 dest=db:5432 host=ipv6 box kind=local
new        port-forward  ipv6 box L8443  bind=::1:8443 dest=2001:db8::2:443 host=ipv6 box kind=local
new        port-forward  prod web L8080  bind=127.0.0.1:8080 dest=localhost:80 host=prod web kind=local
new        port-forward  prod web R2222  bind=127.0.0.1:2222 dest=127.0.0.1:22 host=prod web kind=remote
new        port-forward  prod web D1080  bind=127.0.0.1:1080 host=prod web kind=dynamic
Notes:
  proxy passwords are not imported (PuTTY stores them in plain text); set them in sverb after the import: db
Skipped:
  sessions/Default%20Settings: Default Settings: PuTTY's Default Settings are a template for new sessions, not a host
  sessions/ipv6%20box: ipv6 box: bad listen port in "Lbad"
  sessions/ipv6%20box: ipv6 box: no destination in "R9000"
  sessions/no-host: no-host: no HostName
  sessions/old%20router: old router: non-SSH protocol not supported (telnet)
  sessions/serial%2Fcom1: serial/com1: non-SSH protocol not supported (serial)
  sessions/socks4-host: socks4-host: SOCKS4 proxy not supported (use SOCKS5)
Warnings:
  db: TerminalType "xterm-256color" is not imported (sverb sets TERM itself)
