---
source: crates/sverb-tui/src/shell_tests.rs
expression: buffer_to_string(&buf)
---
 sverb ─ Personal ▾ ────────────────────────────────────────────────────────────
 no sessions · ^\ o quick connect · ^\ v views/sessions                         
┌ Hosts ───────────────────────────────────────────────────────────────────────┐
│›   alpha  10.0.0.1                                                           │
│    bravo  10.0.0.2                                                           │
│    charlie  10.0.0.3                                                         │
│                                                                              │
│                                                                              │
│                                                                              │
│                                                                              │
│                                                                              │
│                                                                              │
│                                                                              │
│                                                                              │
│                                                                              │
│                                                                              │
│                                                                              │
│                                                                              │
│                                                                              │
│                                                                              │
│                                                                              │
│                                                                              │
└───────────────────────────────────────────────────────────────────────── 3/3 ┘
 NORMAL                                                      ^\ ? help · q quit
