---
source: crates/sverb-tui/src/shell_tests.rs
expression: buffer_to_string(&buf)
---
 sverb ─ Personal ▾ ────────────────────────────────────────────────────────────────────────────────────────────────────────────────────────────────────────────
┌──────────────┐ no sessions · ^\ o quick connect · ^\ v views/sessions                                                                                         
│▸ Hosts       │┌ Hosts ───────────────────────────────────────────────────────────────────────────────────────┐┌ alpha ───────────────────────────────────────┐
│  Keychain    ││›   alpha  10.0.0.1                                                                           ││alpha                                         │
│  Forwards    ││    bravo  10.0.0.2                                                                           ││10.0.0.1                                      │
│  Snippets    ││    charlie  10.0.0.3                                                                         ││Loading…                                      │
│  Known       ││                                                                                              ││                                              │
│  Logs        ││                                                                                              ││                                              │
│  Settings    ││                                                                                              ││                                              │
│              ││                                                                                              ││                                              │
│              ││                                                                                              ││                                              │
│              ││                                                                                              ││                                              │
│              ││                                                                                              ││                                              │
│              ││                                                                                              ││                                              │
│              ││                                                                                              ││                                              │
│              ││                                                                                              ││                                              │
│              ││                                                                                              ││                                              │
│              ││                                                                                              ││                                              │
│              ││                                                                                              ││                                              │
│              ││                                                                                              ││                                              │
│              ││                                                                                              ││                                              │
│              ││                                                                                              ││                                              │
│              ││                                                                                              ││                                              │
│              ││                                                                                              ││                                              │
│              ││                                                                                              ││                                              │
│              ││                                                                                              ││                                              │
│              ││                                                                                              ││                                              │
│              ││                                                                                              ││                                              │
│              ││                                                                                              ││                                              │
│              ││                                                                                              ││                                              │
│              ││                                                                                              ││                                              │
│              ││                                                                                              ││                                              │
│              ││                                                                                              ││                                              │
│              ││                                                                                              ││                                              │
│              ││                                                                                              ││                                              │
│              ││                                                                                              ││                                              │
│              ││                                                                                              ││                                              │
│              ││                                                                                              ││                                              │
│              ││                                                                                              ││                                              │
│              ││                                                                                              ││                                              │
│              ││                                                                                              ││                                              │
│              ││                                                                                              ││                                              │
│              ││                                                                                              ││                                              │
│              ││                                                                                              ││                                              │
│              ││                                                                                              ││                                              │
│              ││                                                                                              ││                                              │
└──────────────┘└───────────────────────────────────────────────────────────────────────────────────────── 3/3 ┘└──────────────────────────────────────────────┘
 NORMAL                                                                                                                                      ^\ ? help · q quit
